# File to compare code with Brooks, Hughes 1982 - Fig 3.3
# Integration rule for the optimal upwind scheme, doubly asymptotic approximation and critical approximation.
# Plot using line:
# plot "./output/output.dat" using 1:2 title "Exact" with line, "./output/output.dat" using 1:3 title "DoublyAsymptoticAssumption" with line, "./output/output.dat" using 1:4 title "CriticalAssumption" with line
# Perclet Number 	 Exact 	 DoublyAsymptoticAssumption 	 CriticalAssumption
-15 		 -0.933 		 -1 		 -0.933
-14.5 		 -0.931 		 -1 		 -0.931
-14 		 -0.929 		 -1 		 -0.929
-13.5 		 -0.926 		 -1 		 -0.926
-13 		 -0.923 		 -1 		 -0.923
-12.5 		 -0.92 		 -1 		 -0.92
-12 		 -0.917 		 -1 		 -0.917
-11.5 		 -0.913 		 -1 		 -0.913
-11 		 -0.909 		 -1 		 -0.909
-10.5 		 -0.905 		 -1 		 -0.905
-10 		 -0.9 		 -1 		 -0.9
-9.5 		 -0.895 		 -1 		 -0.895
-9 		 -0.889 		 -1 		 -0.889
-8.5 		 -0.882 		 -1 		 -0.882
-8 		 -0.875 		 -1 		 -0.875
-7.5 		 -0.867 		 -1 		 -0.867
-7 		 -0.857 		 -1 		 -0.857
-6.5 		 -0.846 		 -1 		 -0.846
-6 		 -0.833 		 -1 		 -0.833
-5.5 		 -0.818 		 -1 		 -0.818
-5 		 -0.8 		 -1 		 -0.8
-4.5 		 -0.778 		 -1 		 -0.778
-4 		 -0.751 		 -1 		 -0.75
-3.5 		 -0.716 		 -1 		 -0.714
-3 		 -0.672 		 -1 		 -0.667
-2.5 		 -0.614 		 -0.833 		 -0.6
-2 		 -0.537 		 -0.667 		 -0.5
-1.5 		 -0.438 		 -0.5 		 -0.333
-1 		 -0.313 		 -0.333 		 0
-0.5 		 -0.164 		 -0.167 		 0
0 		 0 		 0 		 0
0.5 		 0.164 		 0.167 		 0
1 		 0.313 		 0.333 		 0
1.5 		 0.438 		 0.5 		 0.333
2 		 0.537 		 0.667 		 0.5
2.5 		 0.614 		 0.833 		 0.6
3 		 0.672 		 1 		 0.667
3.5 		 0.716 		 1 		 0.714
4 		 0.751 		 1 		 0.75
4.5 		 0.778 		 1 		 0.778
5 		 0.8 		 1 		 0.8
5.5 		 0.818 		 1 		 0.818
6 		 0.833 		 1 		 0.833
6.5 		 0.846 		 1 		 0.846
7 		 0.857 		 1 		 0.857
7.5 		 0.867 		 1 		 0.867
8 		 0.875 		 1 		 0.875
8.5 		 0.882 		 1 		 0.882
9 		 0.889 		 1 		 0.889
9.5 		 0.895 		 1 		 0.895
10 		 0.9 		 1 		 0.9
10.5 		 0.905 		 1 		 0.905
11 		 0.909 		 1 		 0.909
11.5 		 0.913 		 1 		 0.913
12 		 0.917 		 1 		 0.917
12.5 		 0.92 		 1 		 0.92
13 		 0.923 		 1 		 0.923
13.5 		 0.926 		 1 		 0.926
14 		 0.929 		 1 		 0.929
14.5 		 0.931 		 1 		 0.931
