#       Timestep            Time          Volume       CentroidX       CentroidY       CentroidZ
               1               0          0.0697        0.500065        0.462877               0
               2          8.9599          0.0695        0.499101        0.428871               0
