#       Timestep            Time          Volume       CentroidX       CentroidY       CentroidZ
               1               0        0.014027        0.500275        0.468115         0.49899
               2         9.44783        0.013831        0.499619        0.433395         0.49847
