A 			 (Abstract Class)
	B 			 (Abstract Class)
		C 			 (Abstract Class)
			D 			 (Abstract Class)
B 			 (Abstract Class)
	C 			 (Abstract Class)
		D 			 (Abstract Class)
C 			 (Abstract Class)
	D 			 (Abstract Class)
D 			 (Abstract Class)
AA 			 (Abstract Class)
	BB 			 (Abstract Class)
BB 			 (Abstract Class)
