cell[0]
 		Values: (N: 10, S: -2, E: 1, W: -2) 
 		Coords: (-0.900000, -0.900000) 
cell[1]
 		Values: (N: 11, S: -2, E: 2, W: 0) 
 		Coords: (-0.700000, -0.900000) 
cell[2]
 		Values: (N: 12, S: -2, E: 3, W: 1) 
 		Coords: (-0.500000, -0.900000) 
cell[3]
 		Values: (N: 13, S: -2, E: 4, W: 2) 
 		Coords: (-0.300000, -0.900000) 
cell[4]
 		Values: (N: 14, S: -2, E: 5, W: 3) 
 		Coords: (-0.100000, -0.900000) 
cell[5]
 		Values: (N: 15, S: -2, E: 6, W: 4) 
 		Coords: (0.100000, -0.900000) 
cell[6]
 		Values: (N: 16, S: -2, E: 7, W: 5) 
 		Coords: (0.300000, -0.900000) 
cell[7]
 		Values: (N: 17, S: -2, E: 8, W: 6) 
 		Coords: (0.500000, -0.900000) 
cell[8]
 		Values: (N: 18, S: -2, E: 9, W: 7) 
 		Coords: (0.700000, -0.900000) 
cell[9]
 		Values: (N: 19, S: -2, E: -2, W: 8) 
 		Coords: (0.900000, -0.900000) 
cell[10]
 		Values: (N: 20, S: 0, E: 11, W: -2) 
 		Coords: (-0.900000, -0.700000) 
cell[11]
 		Values: (N: 21, S: 1, E: 12, W: 10) 
 		Coords: (-0.700000, -0.700000) 
cell[12]
 		Values: (N: 22, S: 2, E: 13, W: 11) 
 		Coords: (-0.500000, -0.700000) 
cell[13]
 		Values: (N: 23, S: 3, E: 14, W: 12) 
 		Coords: (-0.300000, -0.700000) 
cell[14]
 		Values: (N: 24, S: 4, E: 15, W: 13) 
 		Coords: (-0.100000, -0.700000) 
cell[15]
 		Values: (N: 25, S: 5, E: 16, W: 14) 
 		Coords: (0.100000, -0.700000) 
cell[16]
 		Values: (N: 26, S: 6, E: 17, W: 15) 
 		Coords: (0.300000, -0.700000) 
cell[17]
 		Values: (N: 27, S: 7, E: 18, W: 16) 
 		Coords: (0.500000, -0.700000) 
cell[18]
 		Values: (N: 28, S: 8, E: 19, W: 17) 
 		Coords: (0.700000, -0.700000) 
cell[19]
 		Values: (N: 29, S: 9, E: -2, W: 18) 
 		Coords: (0.900000, -0.700000) 
cell[20]
 		Values: (N: 30, S: 10, E: 21, W: -2) 
 		Coords: (-0.900000, -0.500000) 
cell[21]
 		Values: (N: 31, S: 11, E: 22, W: 20) 
 		Coords: (-0.700000, -0.500000) 
cell[22]
 		Values: (N: 32, S: 12, E: 23, W: 21) 
 		Coords: (-0.500000, -0.500000) 
cell[23]
 		Values: (N: 33, S: 13, E: 24, W: 22) 
 		Coords: (-0.300000, -0.500000) 
cell[24]
 		Values: (N: 34, S: 14, E: 25, W: 23) 
 		Coords: (-0.100000, -0.500000) 
cell[25]
 		Values: (N: 35, S: 15, E: 26, W: 24) 
 		Coords: (0.100000, -0.500000) 
cell[26]
 		Values: (N: 36, S: 16, E: 27, W: 25) 
 		Coords: (0.300000, -0.500000) 
cell[27]
 		Values: (N: 37, S: 17, E: 28, W: 26) 
 		Coords: (0.500000, -0.500000) 
cell[28]
 		Values: (N: 38, S: 18, E: 29, W: 27) 
 		Coords: (0.700000, -0.500000) 
cell[29]
 		Values: (N: 39, S: 19, E: -2, W: 28) 
 		Coords: (0.900000, -0.500000) 
cell[30]
 		Values: (N: 40, S: 20, E: 31, W: -2) 
 		Coords: (-0.900000, -0.300000) 
cell[31]
 		Values: (N: 41, S: 21, E: 32, W: 30) 
 		Coords: (-0.700000, -0.300000) 
cell[32]
 		Values: (N: 42, S: 22, E: 33, W: 31) 
 		Coords: (-0.500000, -0.300000) 
cell[33]
 		Values: (N: 43, S: 23, E: 34, W: 32) 
 		Coords: (-0.300000, -0.300000) 
cell[34]
 		Values: (N: 44, S: 24, E: 35, W: 33) 
 		Coords: (-0.100000, -0.300000) 
cell[35]
 		Values: (N: 45, S: 25, E: 36, W: 34) 
 		Coords: (0.100000, -0.300000) 
cell[36]
 		Values: (N: 46, S: 26, E: 37, W: 35) 
 		Coords: (0.300000, -0.300000) 
cell[37]
 		Values: (N: 47, S: 27, E: 38, W: 36) 
 		Coords: (0.500000, -0.300000) 
cell[38]
 		Values: (N: 48, S: 28, E: 39, W: 37) 
 		Coords: (0.700000, -0.300000) 
cell[39]
 		Values: (N: 49, S: 29, E: -2, W: 38) 
 		Coords: (0.900000, -0.300000) 
cell[40]
 		Values: (N: 50, S: 30, E: 41, W: -2) 
 		Coords: (-0.900000, -0.100000) 
cell[41]
 		Values: (N: 51, S: 31, E: 42, W: 40) 
 		Coords: (-0.700000, -0.100000) 
cell[42]
 		Values: (N: 52, S: 32, E: 43, W: 41) 
 		Coords: (-0.500000, -0.100000) 
cell[43]
 		Values: (N: 53, S: 33, E: 44, W: 42) 
 		Coords: (-0.300000, -0.100000) 
cell[44]
 		Values: (N: 54, S: 34, E: 45, W: 43) 
 		Coords: (-0.100000, -0.100000) 
cell[45]
 		Values: (N: 55, S: 35, E: 46, W: 44) 
 		Coords: (0.100000, -0.100000) 
cell[46]
 		Values: (N: 56, S: 36, E: 47, W: 45) 
 		Coords: (0.300000, -0.100000) 
cell[47]
 		Values: (N: 57, S: 37, E: 48, W: 46) 
 		Coords: (0.500000, -0.100000) 
cell[48]
 		Values: (N: 58, S: 38, E: 49, W: 47) 
 		Coords: (0.700000, -0.100000) 
cell[49]
 		Values: (N: 59, S: 39, E: -2, W: 48) 
 		Coords: (0.900000, -0.100000) 
cell[50]
 		Values: (N: 60, S: 40, E: 51, W: -2) 
 		Coords: (-0.900000, 0.100000) 
cell[51]
 		Values: (N: 61, S: 41, E: 52, W: 50) 
 		Coords: (-0.700000, 0.100000) 
cell[52]
 		Values: (N: 62, S: 42, E: 53, W: 51) 
 		Coords: (-0.500000, 0.100000) 
cell[53]
 		Values: (N: 63, S: 43, E: 54, W: 52) 
 		Coords: (-0.300000, 0.100000) 
cell[54]
 		Values: (N: 64, S: 44, E: 55, W: 53) 
 		Coords: (-0.100000, 0.100000) 
cell[55]
 		Values: (N: 65, S: 45, E: 56, W: 54) 
 		Coords: (0.100000, 0.100000) 
cell[56]
 		Values: (N: 66, S: 46, E: 57, W: 55) 
 		Coords: (0.300000, 0.100000) 
cell[57]
 		Values: (N: 67, S: 47, E: 58, W: 56) 
 		Coords: (0.500000, 0.100000) 
cell[58]
 		Values: (N: 68, S: 48, E: 59, W: 57) 
 		Coords: (0.700000, 0.100000) 
cell[59]
 		Values: (N: 69, S: 49, E: -2, W: 58) 
 		Coords: (0.900000, 0.100000) 
cell[60]
 		Values: (N: 70, S: 50, E: 61, W: -2) 
 		Coords: (-0.900000, 0.300000) 
cell[61]
 		Values: (N: 71, S: 51, E: 62, W: 60) 
 		Coords: (-0.700000, 0.300000) 
cell[62]
 		Values: (N: 72, S: 52, E: 63, W: 61) 
 		Coords: (-0.500000, 0.300000) 
cell[63]
 		Values: (N: 73, S: 53, E: 64, W: 62) 
 		Coords: (-0.300000, 0.300000) 
cell[64]
 		Values: (N: 74, S: 54, E: 65, W: 63) 
 		Coords: (-0.100000, 0.300000) 
cell[65]
 		Values: (N: 75, S: 55, E: 66, W: 64) 
 		Coords: (0.100000, 0.300000) 
cell[66]
 		Values: (N: 76, S: 56, E: 67, W: 65) 
 		Coords: (0.300000, 0.300000) 
cell[67]
 		Values: (N: 77, S: 57, E: 68, W: 66) 
 		Coords: (0.500000, 0.300000) 
cell[68]
 		Values: (N: 78, S: 58, E: 69, W: 67) 
 		Coords: (0.700000, 0.300000) 
cell[69]
 		Values: (N: 79, S: 59, E: -2, W: 68) 
 		Coords: (0.900000, 0.300000) 
cell[70]
 		Values: (N: 80, S: 60, E: 71, W: -2) 
 		Coords: (-0.900000, 0.500000) 
cell[71]
 		Values: (N: 81, S: 61, E: 72, W: 70) 
 		Coords: (-0.700000, 0.500000) 
cell[72]
 		Values: (N: 82, S: 62, E: 73, W: 71) 
 		Coords: (-0.500000, 0.500000) 
cell[73]
 		Values: (N: 83, S: 63, E: 74, W: 72) 
 		Coords: (-0.300000, 0.500000) 
cell[74]
 		Values: (N: 84, S: 64, E: 75, W: 73) 
 		Coords: (-0.100000, 0.500000) 
cell[75]
 		Values: (N: 85, S: 65, E: 76, W: 74) 
 		Coords: (0.100000, 0.500000) 
cell[76]
 		Values: (N: 86, S: 66, E: 77, W: 75) 
 		Coords: (0.300000, 0.500000) 
cell[77]
 		Values: (N: 87, S: 67, E: 78, W: 76) 
 		Coords: (0.500000, 0.500000) 
cell[78]
 		Values: (N: 88, S: 68, E: 79, W: 77) 
 		Coords: (0.700000, 0.500000) 
cell[79]
 		Values: (N: 89, S: 69, E: -2, W: 78) 
 		Coords: (0.900000, 0.500000) 
cell[80]
 		Values: (N: 90, S: 70, E: 81, W: -2) 
 		Coords: (-0.900000, 0.700000) 
cell[81]
 		Values: (N: 91, S: 71, E: 82, W: 80) 
 		Coords: (-0.700000, 0.700000) 
cell[82]
 		Values: (N: 92, S: 72, E: 83, W: 81) 
 		Coords: (-0.500000, 0.700000) 
cell[83]
 		Values: (N: 93, S: 73, E: 84, W: 82) 
 		Coords: (-0.300000, 0.700000) 
cell[84]
 		Values: (N: 94, S: 74, E: 85, W: 83) 
 		Coords: (-0.100000, 0.700000) 
cell[85]
 		Values: (N: 95, S: 75, E: 86, W: 84) 
 		Coords: (0.100000, 0.700000) 
cell[86]
 		Values: (N: 96, S: 76, E: 87, W: 85) 
 		Coords: (0.300000, 0.700000) 
cell[87]
 		Values: (N: 97, S: 77, E: 88, W: 86) 
 		Coords: (0.500000, 0.700000) 
cell[88]
 		Values: (N: 98, S: 78, E: 89, W: 87) 
 		Coords: (0.700000, 0.700000) 
cell[89]
 		Values: (N: 99, S: 79, E: -2, W: 88) 
 		Coords: (0.900000, 0.700000) 
cell[90]
 		Values: (N: -2, S: 80, E: 91, W: -2) 
 		Coords: (-0.900000, 0.900000) 
cell[91]
 		Values: (N: -2, S: 81, E: 92, W: 90) 
 		Coords: (-0.700000, 0.900000) 
cell[92]
 		Values: (N: -2, S: 82, E: 93, W: 91) 
 		Coords: (-0.500000, 0.900000) 
cell[93]
 		Values: (N: -2, S: 83, E: 94, W: 92) 
 		Coords: (-0.300000, 0.900000) 
cell[94]
 		Values: (N: -2, S: 84, E: 95, W: 93) 
 		Coords: (-0.100000, 0.900000) 
cell[95]
 		Values: (N: -2, S: 85, E: 96, W: 94) 
 		Coords: (0.100000, 0.900000) 
cell[96]
 		Values: (N: -2, S: 86, E: 97, W: 95) 
 		Coords: (0.300000, 0.900000) 
cell[97]
 		Values: (N: -2, S: 87, E: 98, W: 96) 
 		Coords: (0.500000, 0.900000) 
cell[98]
 		Values: (N: -2, S: 88, E: 99, W: 97) 
 		Coords: (0.700000, 0.900000) 
cell[99]
 		Values: (N: -2, S: 89, E: -2, W: 98) 
 		Coords: (0.900000, 0.900000) 
