Particle per dim: 1 1 1
pId=0 : coords = { 75.000000000000, 10.000000000000, 75.000000000000 }, xi = { 0.000000000000, 0.000000000000, 0.000000000000 }
