Particle per dim: 3 3 3
pId=0 : coords = { 16.905249806889, 8.450806661517, 16.905249806889 }, xi = { -0.774596669241, -0.774596669241, -0.774596669241 }
pId=1 : coords = { 75.000000000000, 8.450806661517, 16.905249806889 }, xi = { 0.000000000000, -0.774596669241, -0.774596669241 }
pId=2 : coords = { 133.094750193111, 8.450806661517, 16.905249806889 }, xi = { 0.774596669241, -0.774596669241, -0.774596669241 }
pId=3 : coords = { 16.905249806889, 10.000000000000, 16.905249806889 }, xi = { -0.774596669241, 0.000000000000, -0.774596669241 }
pId=4 : coords = { 75.000000000000, 10.000000000000, 16.905249806889 }, xi = { 0.000000000000, 0.000000000000, -0.774596669241 }
pId=5 : coords = { 133.094750193111, 10.000000000000, 16.905249806889 }, xi = { 0.774596669241, 0.000000000000, -0.774596669241 }
pId=6 : coords = { 16.905249806889, 11.549193338483, 16.905249806889 }, xi = { -0.774596669241, 0.774596669241, -0.774596669241 }
pId=7 : coords = { 75.000000000000, 11.549193338483, 16.905249806889 }, xi = { 0.000000000000, 0.774596669241, -0.774596669241 }
pId=8 : coords = { 133.094750193111, 11.549193338483, 16.905249806889 }, xi = { 0.774596669241, 0.774596669241, -0.774596669241 }
pId=9 : coords = { 16.905249806889, 8.450806661517, 75.000000000000 }, xi = { -0.774596669241, -0.774596669241, 0.000000000000 }
pId=10 : coords = { 75.000000000000, 8.450806661517, 75.000000000000 }, xi = { 0.000000000000, -0.774596669241, 0.000000000000 }
pId=11 : coords = { 133.094750193111, 8.450806661517, 75.000000000000 }, xi = { 0.774596669241, -0.774596669241, 0.000000000000 }
pId=12 : coords = { 16.905249806889, 10.000000000000, 75.000000000000 }, xi = { -0.774596669241, 0.000000000000, 0.000000000000 }
pId=13 : coords = { 75.000000000000, 10.000000000000, 75.000000000000 }, xi = { 0.000000000000, 0.000000000000, 0.000000000000 }
pId=14 : coords = { 133.094750193111, 10.000000000000, 75.000000000000 }, xi = { 0.774596669241, 0.000000000000, 0.000000000000 }
pId=15 : coords = { 16.905249806889, 11.549193338483, 75.000000000000 }, xi = { -0.774596669241, 0.774596669241, 0.000000000000 }
pId=16 : coords = { 75.000000000000, 11.549193338483, 75.000000000000 }, xi = { 0.000000000000, 0.774596669241, 0.000000000000 }
pId=17 : coords = { 133.094750193111, 11.549193338483, 75.000000000000 }, xi = { 0.774596669241, 0.774596669241, 0.000000000000 }
pId=18 : coords = { 16.905249806889, 8.450806661517, 133.094750193111 }, xi = { -0.774596669241, -0.774596669241, 0.774596669241 }
pId=19 : coords = { 75.000000000000, 8.450806661517, 133.094750193111 }, xi = { 0.000000000000, -0.774596669241, 0.774596669241 }
pId=20 : coords = { 133.094750193111, 8.450806661517, 133.094750193111 }, xi = { 0.774596669241, -0.774596669241, 0.774596669241 }
pId=21 : coords = { 16.905249806889, 10.000000000000, 133.094750193111 }, xi = { -0.774596669241, 0.000000000000, 0.774596669241 }
pId=22 : coords = { 75.000000000000, 10.000000000000, 133.094750193111 }, xi = { 0.000000000000, 0.000000000000, 0.774596669241 }
pId=23 : coords = { 133.094750193111, 10.000000000000, 133.094750193111 }, xi = { 0.774596669241, 0.000000000000, 0.774596669241 }
pId=24 : coords = { 16.905249806889, 11.549193338483, 133.094750193111 }, xi = { -0.774596669241, 0.774596669241, 0.774596669241 }
pId=25 : coords = { 75.000000000000, 11.549193338483, 133.094750193111 }, xi = { 0.000000000000, 0.774596669241, 0.774596669241 }
pId=26 : coords = { 133.094750193111, 11.549193338483, 133.094750193111 }, xi = { 0.774596669241, 0.774596669241, 0.774596669241 }
