pId=0 : xi = { -0.577350, -0.577350, -0.577350 } weight = 1.000000
pId=1 : xi = { 0.577350, -0.577350, -0.577350 } weight = 1.000000
pId=2 : xi = { -0.577350, 0.577350, -0.577350 } weight = 1.000000
pId=3 : xi = { 0.577350, 0.577350, -0.577350 } weight = 1.000000
pId=4 : xi = { -0.577350, -0.577350, 0.577350 } weight = 1.000000
pId=5 : xi = { 0.577350, -0.577350, 0.577350 } weight = 1.000000
pId=6 : xi = { -0.577350, 0.577350, 0.577350 } weight = 1.000000
pId=7 : xi = { 0.577350, 0.577350, 0.577350 } weight = 1.000000
