Printing coords of all local particles, cell-by-cell:
	Local Cell   0:
		part. InCell   0 (local index      5): (     50,      75,    37.5)
		part. InCell   1 (local index     17): (   87.5,   18.75,  15.625)
		part. InCell   2 (local index     19): (   37.5,   93.75,  28.125)
		part. InCell   3 (local index     33): (   6.25,  71.875,  82.812)
		part. InCell   4 (local index     35): (  56.25,  46.875,  70.312)
		part. InCell   5 (local index     47): (  93.75,  53.125,  98.438)
		part. InCell   6 (local index     53): (  43.75,  28.125,  60.938)
		part. InCell   7 (local index     71): ( 84.375,  26.562,  49.219)
		part. InCell   8 (local index     77): ( 34.375,  51.562,  11.719)
		part. InCell   9 (local index     89): ( 21.875,  45.312,  33.594)
		part. InCell  10 (local index     91): ( 71.875,  70.312,  21.094)
		part. InCell  11 (local index    105): ( 78.125,  98.438,  66.406)
		part. InCell  12 (local index    107): ( 28.125,  23.438,  78.906)
		part. InCell  13 (local index    119): ( 15.625,  79.688,  50.781)
		part. InCell  14 (local index    125): ( 65.625,  4.6875,  88.281)
		part. InCell  15 (local index    129): ( 32.812,  7.0312,  69.141)
		part. InCell  16 (local index    131): ( 82.812,  82.031,  81.641)
		part. InCell  17 (local index    143): ( 70.312,  13.281,  59.766)
		part. InCell  18 (local index    149): ( 20.312,  88.281,  97.266)
		part. InCell  19 (local index    159): ( 26.562,  66.406,  39.453)
	Local Cell   1:
		part. InCell   0 (local index      0): (    200,     100,      50)
		part. InCell   1 (local index      7): (    125,    62.5,   68.75)
		part. InCell   2 (local index     13): (    175,    37.5,   81.25)
		part. InCell   3 (local index     25): (  162.5,   56.25,  59.375)
		part. InCell   4 (local index     27): (  112.5,   31.25,  96.875)
		part. InCell   5 (local index     41): ( 131.25,   9.375,  39.062)
		part. InCell   6 (local index     43): ( 181.25,  84.375,  1.5625)
		part. InCell   7 (local index     55): ( 168.75,  15.625,  29.688)
		part. InCell   8 (local index     61): ( 118.75,  90.625,  17.188)
		part. InCell   9 (local index     63): ( 159.38,  89.062,  80.469)
		part. InCell  10 (local index     69): ( 109.38,  14.062,  67.969)
		part. InCell  11 (local index     81): ( 146.88,  82.812,  89.844)
		part. InCell  12 (local index     83): ( 196.88,  7.8125,  52.344)
		part. InCell  13 (local index     97): ( 153.12,  35.938,  10.156)
		part. InCell  14 (local index     99): ( 103.12,  60.938,  47.656)
		part. InCell  15 (local index    111): ( 140.62,  42.188,  19.531)
		part. InCell  16 (local index    117): ( 190.62,  67.188,  32.031)
		part. InCell  17 (local index    137): ( 107.81,  69.531, 0.39062)
		part. InCell  18 (local index    139): ( 157.81,  44.531,  37.891)
		part. InCell  19 (local index    151): ( 195.31,  50.781,  16.016)
		part. InCell  20 (local index    157): ( 145.31,  25.781,  28.516)
	Local Cell   2:
		part. InCell   0 (local index      2): (    300,      50,      75)
		part. InCell   1 (local index     10): (    225,    12.5,   43.75)
		part. InCell   2 (local index     12): (    275,    87.5,    6.25)
		part. InCell   3 (local index     24): (  262.5,    6.25,  34.375)
		part. InCell   4 (local index     30): (  212.5,   81.25,  21.875)
		part. InCell   5 (local index     40): ( 231.25,  59.375,  64.062)
		part. InCell   6 (local index     46): ( 281.25,  34.375,  76.562)
		part. InCell   7 (local index     58): ( 268.75,  65.625,  54.688)
		part. InCell   8 (local index     60): ( 218.75,  40.625,  92.188)
		part. InCell   9 (local index     66): ( 259.38,  39.062,  5.4688)
		part. InCell  10 (local index     68): ( 209.38,  64.062,  42.969)
		part. InCell  11 (local index     80): ( 246.88,  32.812,  14.844)
		part. InCell  12 (local index     86): ( 296.88,  57.812,  27.344)
		part. InCell  13 (local index     96): ( 253.12,  85.938,  85.156)
		part. InCell  14 (local index    102): ( 203.12,  10.938,  72.656)
		part. InCell  15 (local index    114): ( 240.62,  92.188,  94.531)
		part. InCell  16 (local index    116): ( 290.62,  17.188,  57.031)
		part. InCell  17 (local index    136): ( 207.81,  19.531,  75.391)
		part. InCell  18 (local index    142): ( 257.81,  94.531,  62.891)
		part. InCell  19 (local index    154): ( 295.31, 0.78125,  91.016)
		part. InCell  20 (local index    156): ( 245.31,  75.781,  53.516)
	Local Cell   3:
		part. InCell   0 (local index      4): (    350,      25,    62.5)
		part. InCell   1 (local index     16): (  387.5,   68.75,  90.625)
		part. InCell   2 (local index     22): (  337.5,   43.75,  53.125)
		part. InCell   3 (local index     32): ( 306.25,  21.875,  7.8125)
		part. InCell   4 (local index     38): ( 356.25,  96.875,  45.312)
		part. InCell   5 (local index     50): ( 393.75,   3.125,  23.438)
		part. InCell   6 (local index     52): ( 343.75,  78.125,  35.938)
		part. InCell   7 (local index     74): ( 384.38,  76.562,  74.219)
		part. InCell   8 (local index     76): ( 334.38,  1.5625,  86.719)
		part. InCell   9 (local index     88): ( 321.88,  95.312,  58.594)
		part. InCell  10 (local index     94): ( 371.88,  20.312,  96.094)
		part. InCell  11 (local index    104): ( 378.12,  48.438,  41.406)
		part. InCell  12 (local index    110): ( 328.12,  73.438,  3.9062)
		part. InCell  13 (local index    122): ( 315.62,  29.688,  25.781)
		part. InCell  14 (local index    124): ( 365.62,  54.688,  13.281)
		part. InCell  15 (local index    128): ( 332.81,  57.031,  44.141)
		part. InCell  16 (local index    134): ( 382.81,  32.031,  6.6406)
		part. InCell  17 (local index    146): ( 370.31,  63.281,  34.766)
		part. InCell  18 (local index    148): ( 320.31,  38.281,  22.266)
	Local Cell   4:
		part. InCell   0 (local index      1): (    100,     150,      25)
		part. InCell   1 (local index      9): (     25,   112.5,   93.75)
		part. InCell   2 (local index     11): (     75,   187.5,   56.25)
		part. InCell   3 (local index     23): (   62.5,  106.25,  84.375)
		part. InCell   4 (local index     29): (   12.5,  181.25,  71.875)
		part. InCell   5 (local index     39): (  31.25,  159.38,  14.062)
		part. InCell   6 (local index     45): (  81.25,  134.38,  26.562)
		part. InCell   7 (local index     57): (  68.75,  165.62,  4.6875)
		part. InCell   8 (local index     59): (  18.75,  140.62,  42.188)
		part. InCell   9 (local index     65): ( 59.375,  139.06,  55.469)
		part. InCell  10 (local index     67): (  9.375,  164.06,  92.969)
		part. InCell  11 (local index     79): ( 46.875,  132.81,  64.844)
		part. InCell  12 (local index     85): ( 96.875,  157.81,  77.344)
		part. InCell  13 (local index     95): ( 53.125,  185.94,  35.156)
		part. InCell  14 (local index    101): (  3.125,  110.94,  22.656)
		part. InCell  15 (local index    113): ( 40.625,  192.19,  44.531)
		part. InCell  16 (local index    115): ( 90.625,  117.19,  7.0312)
		part. InCell  17 (local index    135): ( 7.8125,  119.53,  25.391)
		part. InCell  18 (local index    141): ( 57.812,  194.53,  12.891)
		part. InCell  19 (local index    153): ( 95.312,  100.78,  41.016)
		part. InCell  20 (local index    155): ( 45.312,  175.78,  3.5156)
	Local Cell   5:
		part. InCell   0 (local index      3): (    150,     125,    12.5)
		part. InCell   1 (local index     15): (  187.5,  168.75,  40.625)
		part. InCell   2 (local index     21): (  137.5,  143.75,   3.125)
		part. InCell   3 (local index     31): ( 106.25,  121.88,  57.812)
		part. InCell   4 (local index     37): ( 156.25,  196.88,  95.312)
		part. InCell   5 (local index     49): ( 193.75,  103.12,  73.438)
		part. InCell   6 (local index     51): ( 143.75,  178.12,  85.938)
		part. InCell   7 (local index     73): ( 184.38,  176.56,  24.219)
		part. InCell   8 (local index     75): ( 134.38,  101.56,  36.719)
		part. InCell   9 (local index     87): ( 121.88,  195.31,  8.5938)
		part. InCell  10 (local index     93): ( 171.88,  120.31,  46.094)
		part. InCell  11 (local index    103): ( 178.12,  148.44,  91.406)
		part. InCell  12 (local index    109): ( 128.12,  173.44,  53.906)
		part. InCell  13 (local index    121): ( 115.62,  129.69,  75.781)
		part. InCell  14 (local index    123): ( 165.62,  154.69,  63.281)
		part. InCell  15 (local index    127): ( 132.81,  157.03,  94.141)
		part. InCell  16 (local index    133): ( 182.81,  132.03,  56.641)
		part. InCell  17 (local index    145): ( 170.31,  163.28,  84.766)
		part. InCell  18 (local index    147): ( 120.31,  138.28,  72.266)
	Local Cell   6:
		part. InCell   0 (local index      6): (    250,     175,    87.5)
		part. InCell   1 (local index     18): (  287.5,  118.75,  65.625)
		part. InCell   2 (local index     20): (  237.5,  193.75,  78.125)
		part. InCell   3 (local index     34): ( 206.25,  171.88,  32.812)
		part. InCell   4 (local index     36): ( 256.25,  146.88,  20.312)
		part. InCell   5 (local index     48): ( 293.75,  153.12,  48.438)
		part. InCell   6 (local index     54): ( 243.75,  128.12,  10.938)
		part. InCell   7 (local index     72): ( 284.38,  126.56,  99.219)
		part. InCell   8 (local index     78): ( 234.38,  151.56,  61.719)
		part. InCell   9 (local index     90): ( 221.88,  145.31,  83.594)
		part. InCell  10 (local index     92): ( 271.88,  170.31,  71.094)
		part. InCell  11 (local index    106): ( 278.12,  198.44,  16.406)
		part. InCell  12 (local index    108): ( 228.12,  123.44,  28.906)
		part. InCell  13 (local index    120): ( 215.62,  179.69, 0.78125)
		part. InCell  14 (local index    126): ( 265.62,  104.69,  38.281)
		part. InCell  15 (local index    130): ( 232.81,  107.03,  19.141)
		part. InCell  16 (local index    132): ( 282.81,  182.03,  31.641)
		part. InCell  17 (local index    144): ( 270.31,  113.28,  9.7656)
		part. InCell  18 (local index    150): ( 220.31,  188.28,  47.266)
	Local Cell   7:
		part. InCell   0 (local index      8): (    325,   162.5,   18.75)
		part. InCell   1 (local index     14): (    375,   137.5,   31.25)
		part. InCell   2 (local index     26): (  362.5,  156.25,   9.375)
		part. InCell   3 (local index     28): (  312.5,  131.25,  46.875)
		part. InCell   4 (local index     42): ( 331.25,  109.38,  89.062)
		part. InCell   5 (local index     44): ( 381.25,  184.38,  51.562)
		part. InCell   6 (local index     56): ( 368.75,  115.62,  79.688)
		part. InCell   7 (local index     62): ( 318.75,  190.62,  67.188)
		part. InCell   8 (local index     64): ( 359.38,  189.06,  30.469)
		part. InCell   9 (local index     70): ( 309.38,  114.06,  17.969)
		part. InCell  10 (local index     82): ( 346.88,  182.81,  39.844)
		part. InCell  11 (local index     84): ( 396.88,  107.81,  2.3438)
		part. InCell  12 (local index     98): ( 353.12,  135.94,  60.156)
		part. InCell  13 (local index    100): ( 303.12,  160.94,  97.656)
		part. InCell  14 (local index    112): ( 340.62,  142.19,  69.531)
		part. InCell  15 (local index    118): ( 390.62,  167.19,  82.031)
		part. InCell  16 (local index    138): ( 307.81,  169.53,  50.391)
		part. InCell  17 (local index    140): ( 357.81,  144.53,  87.891)
		part. InCell  18 (local index    152): ( 395.31,  150.78,  66.016)
		part. InCell  19 (local index    158): ( 345.31,  125.78,  78.516)
