#       Timestep            Time         Nusselt
               1               0        0.999197
               2               0        0.999197
