Timestep = 1: Passed
Timestep = 2: Passed
Timestep = 3: Passed
Timestep = 4: Passed
Timestep = 5: Passed
Timestep = 6: Passed
Timestep = 7: Passed
Timestep = 8: Passed
Timestep = 9: Passed
Timestep = 10: Passed
