Simple test:
	6
	6
	6
	6
	6
	6
	6
	6
	6
	6
	6
	6
	6
	6
