 *********************** Testing _SobolGenerator_FindRightmostZeroBit *******************
0000000000000000 number 0: 0
0000000000000001 number 1: 1
0000000000000010 number 2: 0
0000000000000011 number 3: 2
0000000000000100 number 4: 0
0000000000000101 number 5: 1
0000000000000110 number 6: 0
0000000000000111 number 7: 3
0000000000001000 number 8: 0
0000000000001001 number 9: 1
0000000000001010 number 10: 0
0000000000001011 number 11: 2
0000000000001100 number 12: 0
0000000000001101 number 13: 1
0000000000001110 number 14: 0
0000000000001111 number 15: 4
0000000000010000 number 16: 0
0000000000010001 number 17: 1
0000000000010010 number 18: 0
0000000000010011 number 19: 2
0000000000010100 number 20: 0
0000000000010101 number 21: 1
0000000000010110 number 22: 0
0000000000010111 number 23: 3
0000000000011000 number 24: 0
0000000000011001 number 25: 1
0000000000011010 number 26: 0
0000000000011011 number 27: 2
0000000000011100 number 28: 0
0000000000011101 number 29: 1
