===Testing Velocity Squared 2D===
units are cm^2/yr^2
coord = {0.400000, 2.000000, 7.000000}
velocity = {-2.000000, 0.400000, 7.000000}
velocity squared 2d = {4.160000}
coord = {-0.200000, 6.000000, 2.000000}
velocity = {-6.000000, -0.200000, 2.000000}
velocity squared 2d = {36.040000}
coord = {0.300000, -2.000000, -13.000000}
velocity = {2.000000, 0.300000, -13.000000}
velocity squared 2d = {4.090000}
testing min max local coords:
velocity:
min - {-1.000000, -2.300000, -4.000000}
max - {11.000000, 12.300000, 14.000000}
velocity squared 2d = 
min - {-1.000000, -2.300000, -4.000000}
max - {11.000000, 12.300000, 14.000000}
testing min max global coords:
velocity:
min - {-111.000000, -112.300000, -114.000000}
max - {111.000000, 112.300000, 114.000000}
velocity squared 2d = 
min - {-111.000000, -112.300000, -114.000000}
max - {111.000000, 112.300000, 114.000000}

===Testing Velocity Squared 3D===
coord = {0.400000, 2.000000, 7.000000}
velocity = {-2.000000, 0.400000, 7.000000}
velocity squared 3d = {53.160000}
coord = {-0.200000, 6.000000, 2.000000}
velocity = {-6.000000, -0.200000, 2.000000}
velocity squared 3d = {40.040000}
coord = {0.300000, -2.000000, -13.000000}
velocity = {2.000000, 0.300000, -13.000000}
velocity squared 3d = {173.090000}

===Testing Velocity Magnitude 2D===
coord = {0.400000, 2.000000, 7.000000}
velocity = {-2.000000, 0.400000, 7.000000}
velocity magnitude 2d = {2.039608}
coord = {-0.200000, 6.000000, 2.000000}
velocity = {-6.000000, -0.200000, 2.000000}
velocity magnitude 2d = {6.003332}
coord = {0.300000, -2.000000, -13.000000}
velocity = {2.000000, 0.300000, -13.000000}
velocity magnitude 2d = {2.022375}

===Testing Velocity Magnitude 3D===
coord = {0.400000, 2.000000, 7.000000}
velocity = {-2.000000, 0.400000, 7.000000}
velocity magnitude 3d = {7.291090}
coord = {-0.200000, 6.000000, 2.000000}
velocity = {-6.000000, -0.200000, 2.000000}
velocity magnitude 3d = {6.327717}
coord = {0.300000, -2.000000, -13.000000}
velocity = {2.000000, 0.300000, -13.000000}
velocity magnitude 3d = {13.156367}

