

-----------------------------STGERMAIN-ERROR-----------------------------
Error: File I_Dont_Exist.xml doesn't exist in the search paths.
-------------------------------------------------------------------------


