

h
h.
h..
h...
h...o
he...o
he...Do
hel...Do
hel...uDo
hell...uDo
hell...ouDo
hello...ouDo
hello...YouDo
helloW...YouDo
helloW...oYouDo
helloWo...oYouDo
helloWo...DoYouDo
helloWor...DoYouDo
helloWor...wDoYouDo
helloWorldHowDoYouDo
 helloWorldHowDoYouDo
  helloWorldHowDoYouDo
   helloWorldHowDoYouDo
    helloWorldHowDoYouDo
