StGermain Framework. Copyright (C) 2003-2005 VPAC.
LocalPlugin
LocalPlugin1
LocalPlugin2
