#       Timestep            Time          CoordX          CoordY          CoordZ        Pressure     Temperature
               0               0            0.75            0.25               0               0        0.701224
               1               0            0.75            0.25               0               0        0.701224
               2               0            0.75            0.25               0               0        0.701224
               3               0            0.75            0.25               0               0        0.701224
               4               0            0.75            0.25               0               0        0.701224
