#       Timestep            Time          CoordX          CoordY          CoordZ        Pressure     Temperature
               0               0           0.375           0.625               0               0        0.409673
               1               0           0.375           0.625               0               0        0.409673
               2               0           0.375           0.625               0               0        0.409673
               3               0           0.375           0.625               0               0        0.409673
               4               0           0.375           0.625               0               0        0.409673
