Timestep 0: Total integrated value of 'VelocityField-ErrorMagnitudeField' is outside a tolerance 5e-06.
Timestep 1: Total integrated value of 'VelocityField-ErrorMagnitudeField' is within a tolerance 5e-06.
