Timestep 0: Total integrated value of 'PressureField-ErrorMagnitudeField' is within a tolerance 5e-05.
Timestep 1: Total integrated value of 'PressureField-ErrorMagnitudeField' is within a tolerance 5e-05.
