Timestep 0: Total integrated value of 'StrainRateInvariantField-ErrorMagnitudeField' is outside a tolerance 1e-06.
Timestep 1: Total integrated value of 'StrainRateInvariantField-ErrorMagnitudeField' is within a tolerance 1e-06.
Timestep 2: Total integrated value of 'StrainRateInvariantField-ErrorMagnitudeField' is within a tolerance 1e-06.
Timestep 3: Total integrated value of 'StrainRateInvariantField-ErrorMagnitudeField' is within a tolerance 1e-06.
Timestep 4: Total integrated value of 'StrainRateInvariantField-ErrorMagnitudeField' is within a tolerance 1e-06.
Timestep 5: Total integrated value of 'StrainRateInvariantField-ErrorMagnitudeField' is within a tolerance 1e-06.
Timestep 6: Total integrated value of 'StrainRateInvariantField-ErrorMagnitudeField' is within a tolerance 1e-06.
Timestep 7: Total integrated value of 'StrainRateInvariantField-ErrorMagnitudeField' is within a tolerance 1e-06.
Timestep 8: Total integrated value of 'StrainRateInvariantField-ErrorMagnitudeField' is within a tolerance 1e-06.
Timestep 9: Total integrated value of 'StrainRateInvariantField-ErrorMagnitudeField' is within a tolerance 1e-06.
Timestep 10: Total integrated value of 'StrainRateInvariantField-ErrorMagnitudeField' is within a tolerance 1e-06.
