Angles for material 0 within tolerance 1e-15
Angles for material 1 within tolerance 1e-15
Angles for material 2 within tolerance 1e-15
