Timestep 0: Total integrated value of 'VelocityField-ErrorMagnitudeField' is outside a tolerance 1.5e-05.
Timestep 1: Total integrated value of 'VelocityField-ErrorMagnitudeField' is within a tolerance 1.5e-05.
