Material yielded at time       0.7812 (step 12) within:
	x:        0.402 -        2.598
	y:      0.02846 -        1.318
