Timestep 0: Total integrated value of 'StressField-ErrorMagnitudeField' is outside a tolerance 1e-05.
Timestep 1: Total integrated value of 'StressField-ErrorMagnitudeField' is within a tolerance 1e-05.
Timestep 2: Total integrated value of 'StressField-ErrorMagnitudeField' is within a tolerance 1e-05.
Timestep 3: Total integrated value of 'StressField-ErrorMagnitudeField' is within a tolerance 1e-05.
