Comparison between stiffness matrix 'k_matrix' passed with tolerance 0.0001.
